@nix {"action":"start","id":585004610486272,"level":5,"parent":0,"text":"copying '/nix/store/0r7xswpqa49y26bl05lydybpw86sywmq-source/pkgs/stdenv/generic/source-stdenv.sh' to the store","type":0}
@nix {"action":"stop","id":585004610486272}
@nix {"action":"start","id":585004610486273,"level":5,"parent":0,"text":"copying '/nix/store/0r7xswpqa49y26bl05lydybpw86sywmq-source/pkgs/stdenv/generic/default-builder.sh' to the store","type":0}
@nix {"action":"stop","id":585004610486273}
@nix {"action":"msg","level":3,"msg":"these 2 derivations will be built:"}
@nix {"action":"msg","level":3,"msg":"  /nix/store/aan2xf68walqg6kgpjxgmxiycahps9zz-sample-first.drv"}
@nix {"action":"msg","level":3,"msg":"  /nix/store/nhwmc968546iph25gx9l17ymf2cvnzar-sample-second.drv"}
@nix {"action":"msg","level":3,"msg":"this path will be fetched (10.5 KiB download, 40.1 KiB unpacked):"}
@nix {"action":"msg","level":3,"msg":"  /nix/store/0n7j2s7fawm2m7m3zmqapsjwv8xlq3yf-sl-5.05"}
@nix {"action":"start","id":585047560159237,"level":0,"parent":0,"text":"","type":102}
@nix {"action":"start","id":585047560159238,"level":0,"parent":0,"text":"","type":104}
@nix {"action":"start","id":585047560159239,"level":0,"parent":0,"text":"","type":103}
@nix {"action":"result","fields":[0,0,0,0],"id":585047560159238,"type":105}
@nix {"action":"result","fields":[0,0,0,0],"id":585047560159239,"type":105}
@nix {"action":"result","fields":[101,0],"id":585047560159237,"type":106}
@nix {"action":"result","fields":[100,0],"id":585047560159237,"type":106}
@nix {"action":"result","fields":[0,1,0,0],"id":585047560159238,"type":105}
@nix {"action":"result","fields":[0,0,0,0],"id":585047560159239,"type":105}
@nix {"action":"result","fields":[101,0],"id":585047560159237,"type":106}
@nix {"action":"result","fields":[100,0],"id":585047560159237,"type":106}
@nix {"action":"result","fields":[0,1,0,0],"id":585047560159238,"type":105}
@nix {"action":"result","fields":[0,0,0,0],"id":585047560159239,"type":105}
@nix {"action":"result","fields":[101,0],"id":585047560159237,"type":106}
@nix {"action":"result","fields":[100,0],"id":585047560159237,"type":106}
@nix {"action":"result","fields":[0,1,0,0],"id":585047560159238,"type":105}
@nix {"action":"result","fields":[0,0,0,0],"id":585047560159239,"type":105}
@nix {"action":"result","fields":[101,0],"id":585047560159237,"type":106}
@nix {"action":"result","fields":[100,0],"id":585047560159237,"type":106}
@nix {"action":"result","fields":[0,2,0,0],"id":585047560159238,"type":105}
@nix {"action":"result","fields":[0,0,0,0],"id":585047560159239,"type":105}
@nix {"action":"result","fields":[101,0],"id":585047560159237,"type":106}
@nix {"action":"result","fields":[100,0],"id":585047560159237,"type":106}
@nix {"action":"result","fields":[0,3,0,0],"id":585047560159238,"type":105}
@nix {"action":"result","fields":[0,0,0,0],"id":585047560159239,"type":105}
@nix {"action":"result","fields":[101,0],"id":585047560159237,"type":106}
@nix {"action":"result","fields":[100,0],"id":585047560159237,"type":106}
@nix {"action":"result","fields":[0,3,0,0],"id":585047560159238,"type":105}
@nix {"action":"result","fields":[0,2,0,0],"id":585047560159239,"type":105}
@nix {"action":"result","fields":[101,10769],"id":585047560159237,"type":106}
@nix {"action":"result","fields":[100,41024],"id":585047560159237,"type":106}
@nix {"action":"result","fields":[0,3,0,0],"id":585047560159238,"type":105}
@nix {"action":"result","fields":[0,1,1,0],"id":585047560159239,"type":105}
@nix {"action":"result","fields":[101,10769],"id":585047560159237,"type":106}
@nix {"action":"result","fields":[100,41024],"id":585047560159237,"type":106}
@nix {"action":"start","fields":["/nix/store/0n7j2s7fawm2m7m3zmqapsjwv8xlq3yf-sl-5.05","https://cache.nixos.org"],"id":585047560159241,"level":0,"parent":0,"text":"","type":108}
@nix {"action":"start","fields":["/nix/store/0n7j2s7fawm2m7m3zmqapsjwv8xlq3yf-sl-5.05","https://cache.nixos.org","local"],"id":585047560159242,"level":3,"parent":585047560159241,"text":"copying path '/nix/store/0n7j2s7fawm2m7m3zmqapsjwv8xlq3yf-sl-5.05' from 'https://cache.nixos.org'","type":100}
@nix {"action":"result","fields":[8192,41024,0,0],"id":585047560159242,"type":105}
@nix {"action":"result","fields":[16384,41024,0,0],"id":585047560159242,"type":105}
@nix {"action":"result","fields":[24576,41024,0,0],"id":585047560159242,"type":105}
@nix {"action":"result","fields":[32768,41024,0,0],"id":585047560159242,"type":105}
@nix {"action":"result","fields":[40960,41024,0,0],"id":585047560159242,"type":105}
@nix {"action":"result","fields":[41024,41024,0,0],"id":585047560159242,"type":105}
@nix {"action":"stop","id":585047560159242}
@nix {"action":"stop","id":585047560159241}
@nix {"action":"start","fields":["/nix/store/aan2xf68walqg6kgpjxgmxiycahps9zz-sample-first.drv","",1,1],"id":585047560159244,"level":3,"parent":0,"text":"building '/nix/store/aan2xf68walqg6kgpjxgmxiycahps9zz-sample-first.drv'","type":105}
@nix {"action":"result","fields":[0,3,1,0],"id":585047560159238,"type":105}
@nix {"action":"result","fields":[0,1,1,0],"id":585047560159239,"type":105}
@nix {"action":"result","fields":[101,10769],"id":585047560159237,"type":106}
@nix {"action":"result","fields":[100,41024],"id":585047560159237,"type":106}
@nix {"action":"result","fields":[0,3,1,0],"id":585047560159238,"type":105}
@nix {"action":"result","fields":[1,1,0,0],"id":585047560159239,"type":105}
@nix {"action":"result","fields":[101,10769],"id":585047560159237,"type":106}
@nix {"action":"result","fields":[100,41024],"id":585047560159237,"type":106}
@nix {"action":"result","fields":[0,2,1,0],"id":585047560159238,"type":105}
@nix {"action":"result","fields":[1,1,0,0],"id":585047560159239,"type":105}
@nix {"action":"result","fields":[101,10769],"id":585047560159237,"type":106}
@nix {"action":"result","fields":[100,41024],"id":585047560159237,"type":106}
@nix {"action":"result","fields":["building first 1791634020"],"id":585047560159244,"type":101}
@nix {"action":"result","fields":[1,3,0,0],"id":585047560159238,"type":105}
@nix {"action":"result","fields":[1,1,0,0],"id":585047560159239,"type":105}
@nix {"action":"result","fields":[101,10769],"id":585047560159237,"type":106}
@nix {"action":"result","fields":[100,41024],"id":585047560159237,"type":106}
@nix {"action":"stop","id":585047560159244}
@nix {"action":"start","fields":["/nix/store/nhwmc968546iph25gx9l17ymf2cvnzar-sample-second.drv","",1,1],"id":585047560159245,"level":3,"parent":0,"text":"building '/nix/store/nhwmc968546iph25gx9l17ymf2cvnzar-sample-second.drv'","type":105}
@nix {"action":"result","fields":[1,2,1,0],"id":585047560159238,"type":105}
@nix {"action":"result","fields":[1,1,0,0],"id":585047560159239,"type":105}
@nix {"action":"result","fields":[101,10769],"id":585047560159237,"type":106}
@nix {"action":"result","fields":[100,41024],"id":585047560159237,"type":106}
@nix {"action":"result","fields":["second"],"id":585047560159245,"type":101}
@nix {"action":"result","fields":[2,3,0,0],"id":585047560159238,"type":105}
@nix {"action":"result","fields":[1,1,0,0],"id":585047560159239,"type":105}
@nix {"action":"result","fields":[101,10769],"id":585047560159237,"type":106}
@nix {"action":"result","fields":[100,41024],"id":585047560159237,"type":106}
@nix {"action":"stop","id":585047560159245}
@nix {"action":"stop","id":585047560159239}
@nix {"action":"stop","id":585047560159238}
@nix {"action":"stop","id":585047560159237}
